../Core/Src/main.c:81:6:HAL_GPIO_EXTI_Callback	24	static
../Core/Src/main.c:91:6:HAL_CAN_RxFifo0MsgPendingCallback	16	static
../Core/Src/main.c:98:6:HAL_TIM_PeriodElapsedCallback	16	static
../Core/Src/main.c:112:5:main	24	static
../Core/Src/main.c:202:6:SystemClock_Config	96	static
../Core/Src/main.c:252:13:MX_ADC1_Init	32	static
../Core/Src/main.c:310:13:MX_CAN1_Init	8	static
../Core/Src/main.c:347:13:MX_SPI1_Init	8	static
../Core/Src/main.c:387:13:MX_TIM16_Init	8	static
../Core/Src/main.c:419:13:MX_USART2_UART_Init	8	static
../Core/Src/main.c:454:13:MX_GPIO_Init	40	static
../Core/Src/main.c:509:6:Error_Handler	4	static,ignoring_inline_asm
