../Core/Src/main.c:100:6:HAL_CAN_RxFifo0MsgPendingCallback	16	static
../Core/Src/main.c:111:5:main	184	static
../Core/Src/main.c:362:6:SystemClock_Config	88	static
../Core/Src/main.c:409:13:MX_CAN1_Init	8	static
../Core/Src/main.c:446:13:MX_I2C1_Init	8	static
../Core/Src/main.c:480:13:MX_SPI1_Init	8	static
../Core/Src/main.c:518:13:MX_USART1_UART_Init	8	static
../Core/Src/main.c:551:13:MX_USART2_UART_Init	8	static
../Core/Src/main.c:584:13:MX_GPIO_Init	48	static
../Core/Src/main.c:646:6:Error_Handler	4	static,ignoring_inline_asm
