../Core/Src/main.c:92:6:HAL_CAN_RxFifo0MsgPendingCallback	16	static
../Core/Src/main.c:103:5:main	24	static
../Core/Src/main.c:169:6:SystemClock_Config	96	static
../Core/Src/main.c:227:13:MX_ADC1_Init	32	static
../Core/Src/main.c:285:13:MX_CAN1_Init	8	static
../Core/Src/main.c:322:13:MX_I2C1_Init	8	static
../Core/Src/main.c:370:13:MX_USART1_UART_Init	8	static
../Core/Src/main.c:405:13:MX_USART2_UART_Init	8	static
../Core/Src/main.c:440:13:MX_GPIO_Init	40	static
../Core/Src/main.c:482:6:Error_Handler	4	static,ignoring_inline_asm
